Program [Function "a" (Arguments []) (Variables []) (Block []), Function "b" (Arguments ["a"]) (Variables ["num"]) (Block [StmtAssign "num" (ExpId "a"), StmtAssign "num" (ExpNum 5), StmtIfThen "num" (Block [StmtAssign "num" (ExpOp (ExpId "num") Add (ExpNum (-1)))]), StmtReturn "num"]), Function "c" (Arguments ["a", "b"]) (Variables ["num1", "num2", "vAR1able1", "vAR1ab1eTWO"]) (Block [StmtAssign "num1" (ExpNum 1), StmtAssign "num2" (ExpNum 2), StmtAssign "vAR1able1" (ExpOp (ExpId "a") Mul (ExpId "num1")), StmtAssign "vAR1ab1eTWO" (ExpOp (ExpId "b") Sub (ExpOp (ExpId "vAR1able1") Div (ExpId "num2"))), StmtReturn "vAR1ab1eTWO"]), Function "main" (Arguments ["a"]) (Variables []) (Block [StmtIfThenElse "a" (Block [StmtAssign "a" (ExpIdArg "b" (Arguments ["a"]))]) (Block [StmtAssign "a" (ExpOp (ExpId "a") DEq (ExpOp (ExpId "a") Add (ExpId "a")))]), StmtReturn "a"])]